
> fitcore-backend@1.0.0 dev
> nodemon src/server.js

[33m[nodemon] 3.1.14[39m
[33m[nodemon] to restart at any time, enter `rs`[39m
[33m[nodemon] watching path(s): *.*[39m
[33m[nodemon] watching extensions: js,mjs,cjs,json[39m
[32m[nodemon] starting `node src/server.js`[39m
Twilio SID missing or invalid. WhatsApp/SMS features disabled.
PostgreSQL connection failed: 
Backend running without database. Most features will fail.
Redis connection failed: 
Backend running without Redis. Caching disabled.
✅ All cron jobs started
FitCore API running on port 5001
/Users/maddy/Downloads/fitcore/backend/node_modules/pg-pool/index.js:45
    Error.captureStackTrace(err)
          ^

AggregateError [ECONNREFUSED]: 
    at /Users/maddy/Downloads/fitcore/backend/node_modules/pg-pool/index.js:45:11
    at process.processTicksAndRejections (node:internal/process/task_queues:104:5)
    at async query (/Users/maddy/Downloads/fitcore/backend/src/config/db.js:24:15)
    at async queryOne (/Users/maddy/Downloads/fitcore/backend/src/config/db.js:32:15)
    at async login (/Users/maddy/Downloads/fitcore/backend/src/controllers/authController.js:7:16) {
  code: 'ECONNREFUSED',
  [errors]: [
    Error: connect ECONNREFUSED ::1:5432
        at createConnectionError (node:net:1746:14)
        at afterConnectMultiple (node:net:1776:16) {
      errno: -61,
      code: 'ECONNREFUSED',
      syscall: 'connect',
      address: '::1',
      port: 5432
    },
    Error: connect ECONNREFUSED 127.0.0.1:5432
        at createConnectionError (node:net:1746:14)
        at afterConnectMultiple (node:net:1776:16) {
      errno: -61,
      code: 'ECONNREFUSED',
      syscall: 'connect',
      address: '127.0.0.1',
      port: 5432
    }
  ]
}

Node.js v24.15.0
[31m[nodemon] app crashed - waiting for file changes before starting...[39m
[32m[nodemon] restarting due to changes...[39m
[32m[nodemon] starting `node src/server.js`[39m
Twilio SID missing or invalid. WhatsApp/SMS features disabled.
PostgreSQL connection failed: 
Backend running without database. Most features will fail.
Redis connection failed: 
Backend running without Redis. Caching disabled.
✅ All cron jobs started
FitCore API running on port 5001
[32m[nodemon] restarting due to changes...[39m
[32m[nodemon] starting `node src/server.js`[39m
Twilio SID missing or invalid. WhatsApp/SMS features disabled.
PostgreSQL connection failed: 
Backend running without database. Most features will fail.
Redis connection failed: 
Backend running without Redis. Caching disabled.
✅ All cron jobs started
FitCore API running on port 5001
[32m[nodemon] restarting due to changes...[39m
[32m[nodemon] starting `node src/server.js`[39m
Twilio SID missing or invalid. WhatsApp/SMS features disabled.
PostgreSQL connection failed: 
Backend running without database. Most features will fail.
Redis connection failed: 
Backend running without Redis. Caching disabled.
✅ All cron jobs started
FitCore API running on port 5001
[32m[nodemon] restarting due to changes...[39m
[32m[nodemon] starting `node src/server.js`[39m
Twilio SID missing or invalid. WhatsApp/SMS features disabled.
PostgreSQL connection failed: 
Backend running without database. Most features will fail.
Redis connection failed: 
Backend running without Redis. Caching disabled.
✅ All cron jobs started
FitCore API running on port 5001
[32m[nodemon] restarting due to changes...[39m
[32m[nodemon] starting `node src/server.js`[39m
Twilio SID missing or invalid. WhatsApp/SMS features disabled.
PostgreSQL connection failed: 
Backend running without database. Most features will fail.
Redis connection failed: 
Backend running without Redis. Caching disabled.
✅ All cron jobs started
FitCore API running on port 5001
[32m[nodemon] restarting due to changes...[39m
[32m[nodemon] starting `node src/server.js`[39m
Twilio SID missing or invalid. WhatsApp/SMS features disabled.
PostgreSQL connection failed: 
Backend running without database. Most features will fail.
Redis connection failed: 
Backend running without Redis. Caching disabled.
✅ All cron jobs started
FitCore API running on port 5001
[CRON] Running expiry reminders
[CRON] Re-engagement campaign
